yarn run v1.22.19
$ vite --host

  VITE v3.2.5  ready in 325 ms

  ➜  Local:   https://localhost:5001/
  ➜  Network: https://195.113.21.6:5001/
  ➜  Network: https://172.18.0.1:5001/
  ➜  Network: https://10.10.51.131:5001/
yarn run v1.22.19
$ vite --host

  VITE v3.2.5  ready in 319 ms

  ➜  Local:   https://localhost:5001/
  ➜  Network: https://195.113.21.6:5001/
  ➜  Network: https://172.18.0.1:5001/
  ➜  Network: https://10.10.51.131:5001/
yarn run v1.22.19
$ vite --host

  VITE v3.2.5  ready in 335 ms

  ➜  Local:   https://localhost:5001/
  ➜  Network: https://195.113.21.6:5001/
  ➜  Network: https://172.18.0.1:5001/
  ➜  Network: https://10.10.51.131:5001/
yarn run v1.22.19
$ vite --host

  VITE v3.2.5  ready in 322 ms

  ➜  Local:   https://localhost:5001/
  ➜  Network: https://195.113.21.6:5001/
  ➜  Network: https://172.18.0.1:5001/
  ➜  Network: https://10.10.51.131:5001/
yarn run v1.22.19
$ vite --host

  VITE v3.2.5  ready in 322 ms

  ➜  Local:   https://localhost:5001/
  ➜  Network: https://195.113.21.6:5001/
  ➜  Network: https://172.18.0.1:5001/
  ➜  Network: https://10.10.51.131:5001/
8:06:10 PM [vite] hmr update /src/views/Viewer.vue
8:06:10 PM [vite] Internal server error: Transform failed with 1 error:
/home/speechtransedit/correctable-lecture-translator/frontend/src/views/Viewer.vue:113:1: ERROR: Expected "}" but found ";"
  Plugin: vite:vue
  File: /home/speechtransedit/correctable-lecture-translator/frontend/src/views/Viewer.vue:113:1
  
  Expected "}" but found ";"
  111|  		// ];
  112|  	// },
  113|  };
     |   ^
  114|  
  115|  import { render as _sfc_render } from "/home/speechtransedit/correctable-lecture-translator/frontend/src/views/Viewer.vue?vue&type=template&lang.js"
  
      at failureErrorWithLog (/home/speechtransedit/correctable-lecture-translator/frontend/node_modules/esbuild/lib/main.js:1575:15)
      at /home/speechtransedit/correctable-lecture-translator/frontend/node_modules/esbuild/lib/main.js:814:29
      at responseCallbacks.<computed> (/home/speechtransedit/correctable-lecture-translator/frontend/node_modules/esbuild/lib/main.js:680:9)
      at handleIncomingPacket (/home/speechtransedit/correctable-lecture-translator/frontend/node_modules/esbuild/lib/main.js:735:9)
      at Socket.readFromStdout (/home/speechtransedit/correctable-lecture-translator/frontend/node_modules/esbuild/lib/main.js:656:7)
      at Socket.emit (events.js:400:28)
      at addChunk (internal/streams/readable.js:293:12)
      at readableAddChunk (internal/streams/readable.js:267:9)
      at Socket.Readable.push (internal/streams/readable.js:206:10)
      at Pipe.onStreamRead (internal/stream_base_commons.js:188:23)
8:06:14 PM [vite] hmr update /src/views/Viewer.vue
8:06:14 PM [vite] Internal server error: Transform failed with 1 error:
/home/speechtransedit/correctable-lecture-translator/frontend/src/views/Viewer.vue:69:8: ERROR: Expected ";" but found "debug"
  Plugin: vite:vue
  File: /home/speechtransedit/correctable-lecture-translator/frontend/src/views/Viewer.vue:69:8
  
  Expected ";" but found "debug"
  67 |  	async mounted() {
  68 |  		this.textChunks = await this.client.getLatestTextChunks({});
  69 |  		Dummy debug text chunks
     |          ^
  70 |  		this.textChunks = [
  71 |  			{
  
      at failureErrorWithLog (/home/speechtransedit/correctable-lecture-translator/frontend/node_modules/esbuild/lib/main.js:1575:15)
      at /home/speechtransedit/correctable-lecture-translator/frontend/node_modules/esbuild/lib/main.js:814:29
      at responseCallbacks.<computed> (/home/speechtransedit/correctable-lecture-translator/frontend/node_modules/esbuild/lib/main.js:680:9)
      at handleIncomingPacket (/home/speechtransedit/correctable-lecture-translator/frontend/node_modules/esbuild/lib/main.js:735:9)
      at Socket.readFromStdout (/home/speechtransedit/correctable-lecture-translator/frontend/node_modules/esbuild/lib/main.js:656:7)
      at Socket.emit (events.js:400:28)
      at addChunk (internal/streams/readable.js:293:12)
      at readableAddChunk (internal/streams/readable.js:267:9)
      at Socket.Readable.push (internal/streams/readable.js:206:10)
      at Pipe.onStreamRead (internal/stream_base_commons.js:188:23)
8:06:17 PM [vite] hmr update /src/views/Viewer.vue
8:06:17 PM [vite] Internal server error: Transform failed with 1 error:
/home/speechtransedit/correctable-lecture-translator/frontend/src/views/Viewer.vue:69:8: ERROR: Expected ";" but found "debug"
  Plugin: vite:vue
  File: /home/speechtransedit/correctable-lecture-translator/frontend/src/views/Viewer.vue:69:8
  
  Expected ";" but found "debug"
  67 |  	async mounted() {
  68 |  		this.textChunks = await this.client.getLatestTextChunks({});
  69 |  		Dummy debug text chunks
     |          ^
  70 |  		this.textChunks = [
  71 |  			{
  
      at failureErrorWithLog (/home/speechtransedit/correctable-lecture-translator/frontend/node_modules/esbuild/lib/main.js:1575:15)
      at /home/speechtransedit/correctable-lecture-translator/frontend/node_modules/esbuild/lib/main.js:814:29
      at responseCallbacks.<computed> (/home/speechtransedit/correctable-lecture-translator/frontend/node_modules/esbuild/lib/main.js:680:9)
      at handleIncomingPacket (/home/speechtransedit/correctable-lecture-translator/frontend/node_modules/esbuild/lib/main.js:735:9)
      at Socket.readFromStdout (/home/speechtransedit/correctable-lecture-translator/frontend/node_modules/esbuild/lib/main.js:656:7)
      at Socket.emit (events.js:400:28)
      at addChunk (internal/streams/readable.js:293:12)
      at readableAddChunk (internal/streams/readable.js:267:9)
      at Socket.Readable.push (internal/streams/readable.js:206:10)
      at Pipe.onStreamRead (internal/stream_base_commons.js:188:23)
8:06:19 PM [vite] Internal server error: Transform failed with 1 error:
/home/speechtransedit/correctable-lecture-translator/frontend/src/views/Viewer.vue:69:8: ERROR: Expected ";" but found "debug"
  Plugin: vite:vue
  File: /home/speechtransedit/correctable-lecture-translator/frontend/src/views/Viewer.vue:69:8
  
  Expected ";" but found "debug"
  67 |  	async mounted() {
  68 |  		this.textChunks = await this.client.getLatestTextChunks({});
  69 |  		Dummy debug text chunks
     |          ^
  70 |  		this.textChunks = [
  71 |  			{
  
      at failureErrorWithLog (/home/speechtransedit/correctable-lecture-translator/frontend/node_modules/esbuild/lib/main.js:1575:15)
      at /home/speechtransedit/correctable-lecture-translator/frontend/node_modules/esbuild/lib/main.js:814:29
      at responseCallbacks.<computed> (/home/speechtransedit/correctable-lecture-translator/frontend/node_modules/esbuild/lib/main.js:680:9)
      at handleIncomingPacket (/home/speechtransedit/correctable-lecture-translator/frontend/node_modules/esbuild/lib/main.js:735:9)
      at Socket.readFromStdout (/home/speechtransedit/correctable-lecture-translator/frontend/node_modules/esbuild/lib/main.js:656:7)
      at Socket.emit (events.js:400:28)
      at addChunk (internal/streams/readable.js:293:12)
      at readableAddChunk (internal/streams/readable.js:267:9)
      at Socket.Readable.push (internal/streams/readable.js:206:10)
      at Pipe.onStreamRead (internal/stream_base_commons.js:188:23)
8:06:22 PM [vite] Internal server error: Transform failed with 1 error:
/home/speechtransedit/correctable-lecture-translator/frontend/src/views/Viewer.vue:69:8: ERROR: Expected ";" but found "debug"
  Plugin: vite:vue
  File: /home/speechtransedit/correctable-lecture-translator/frontend/src/views/Viewer.vue:69:8
  
  Expected ";" but found "debug"
  67 |  	async mounted() {
  68 |  		this.textChunks = await this.client.getLatestTextChunks({});
  69 |  		Dummy debug text chunks
     |          ^
  70 |  		this.textChunks = [
  71 |  			{
  
      at failureErrorWithLog (/home/speechtransedit/correctable-lecture-translator/frontend/node_modules/esbuild/lib/main.js:1575:15)
      at /home/speechtransedit/correctable-lecture-translator/frontend/node_modules/esbuild/lib/main.js:814:29
      at responseCallbacks.<computed> (/home/speechtransedit/correctable-lecture-translator/frontend/node_modules/esbuild/lib/main.js:680:9)
      at handleIncomingPacket (/home/speechtransedit/correctable-lecture-translator/frontend/node_modules/esbuild/lib/main.js:735:9)
      at Socket.readFromStdout (/home/speechtransedit/correctable-lecture-translator/frontend/node_modules/esbuild/lib/main.js:656:7)
      at Socket.emit (events.js:400:28)
      at addChunk (internal/streams/readable.js:293:12)
      at readableAddChunk (internal/streams/readable.js:267:9)
      at Socket.Readable.push (internal/streams/readable.js:206:10)
      at Pipe.onStreamRead (internal/stream_base_commons.js:188:23)
8:06:28 PM [vite] hmr update /src/views/Viewer.vue
8:07:10 PM [vite] hmr update /src/views/Viewer.vue
8:07:47 PM [vite] hmr update /src/views/Viewer.vue
8:07:56 PM [vite] hmr update /src/views/Viewer.vue
8:09:29 PM [vite] hmr update /src/styles/textViewer.scss
8:09:29 PM [vite] Internal server error: [sass] Expected identifier.
   ╷
41 │ @
   │  ^
   ╵
  src/styles/textViewer.scss 41:2  root stylesheet
  Plugin: vite:css
  File: /home/speechtransedit/correctable-lecture-translator/frontend/src/styles/textViewer.scss:41:2
  Error: Expected identifier.
     ╷
  41 │ @
     │  ^
     ╵
    src/styles/textViewer.scss 41:2  root stylesheet
      at Object.wrapException (/home/speechtransedit/correctable-lecture-translator/frontend/node_modules/sass/sass.dart.js:1237:17)
      at SpanScanner.error$3$length$position (/home/speechtransedit/correctable-lecture-translator/frontend/node_modules/sass/sass.dart.js:69155:15)
      at SpanScanner.error$1 (/home/speechtransedit/correctable-lecture-translator/frontend/node_modules/sass/sass.dart.js:69158:19)
      at ScssParser0.interpolatedIdentifier$0 (/home/speechtransedit/correctable-lecture-translator/frontend/node_modules/sass/sass.dart.js:98981:12)
      at ScssParser0.atRule$2$root (/home/speechtransedit/correctable-lecture-translator/frontend/node_modules/sass/sass.dart.js:96586:21)
      at ScssParser0._stylesheet0$_statement$1$root (/home/speechtransedit/correctable-lecture-translator/frontend/node_modules/sass/sass.dart.js:96259:24)
      at StylesheetParser_parse__closure1.call$0 (/home/speechtransedit/correctable-lecture-translator/frontend/node_modules/sass/sass.dart.js:99509:17)
      at ScssParser0.statements$1 (/home/speechtransedit/correctable-lecture-translator/frontend/node_modules/sass/sass.dart.js:93129:31)
      at StylesheetParser_parse_closure0.call$0 (/home/speechtransedit/correctable-lecture-translator/frontend/node_modules/sass/sass.dart.js:99492:23)
      at ScssParser0.wrapSpanFormatException$1$1 (/home/speechtransedit/correctable-lecture-translator/frontend/node_modules/sass/sass.dart.js:92012:25)
8:09:31 PM [vite] hmr update /src/styles/textViewer.scss
8:09:34 PM [vite] hmr update /src/styles/textViewer.scss
8:09:34 PM [vite] Internal server error: [sass] unmatched "}".
   ╷
49 │ }
   │ ^
   ╵
  src/styles/textViewer.scss 49:1  root stylesheet
  Plugin: vite:css
  File: /home/speechtransedit/correctable-lecture-translator/frontend/src/styles/textViewer.scss:49:1
  Error: unmatched "}".
     ╷
  49 │ }
     │ ^
     ╵
    src/styles/textViewer.scss 49:1  root stylesheet
      at Object.wrapException (/home/speechtransedit/correctable-lecture-translator/frontend/node_modules/sass/sass.dart.js:1237:17)
      at SpanScanner.error$3$length$position (/home/speechtransedit/correctable-lecture-translator/frontend/node_modules/sass/sass.dart.js:69155:15)
      at SpanScanner.error$2$length (/home/speechtransedit/correctable-lecture-translator/frontend/node_modules/sass/sass.dart.js:69164:19)
      at ScssParser0._stylesheet0$_statement$1$root (/home/speechtransedit/correctable-lecture-translator/frontend/node_modules/sass/sass.dart.js:96276:14)
      at StylesheetParser_parse__closure1.call$0 (/home/speechtransedit/correctable-lecture-translator/frontend/node_modules/sass/sass.dart.js:99509:17)
      at ScssParser0.statements$1 (/home/speechtransedit/correctable-lecture-translator/frontend/node_modules/sass/sass.dart.js:93129:31)
      at StylesheetParser_parse_closure0.call$0 (/home/speechtransedit/correctable-lecture-translator/frontend/node_modules/sass/sass.dart.js:99492:23)
      at ScssParser0.wrapSpanFormatException$1$1 (/home/speechtransedit/correctable-lecture-translator/frontend/node_modules/sass/sass.dart.js:92012:25)
      at ScssParser0.wrapSpanFormatException$1 (/home/speechtransedit/correctable-lecture-translator/frontend/node_modules/sass/sass.dart.js:92059:19)
      at ScssParser0.parse$0 (/home/speechtransedit/correctable-lecture-translator/frontend/node_modules/sass/sass.dart.js:96243:19)
8:09:36 PM [vite] hmr update /src/styles/textViewer.scss
8:10:00 PM [vite] hmr update /src/styles/textViewer.scss
8:10:18 PM [vite] hmr update /src/styles/textViewer.scss
8:10:22 PM [vite] hmr update /src/styles/textViewer.scss
8:11:32 PM [vite] hmr update /src/views/Viewer.vue
